201
145
131
88
100
151
49
152
56
132
194
204
142
116
145
175
85
86
190
205
105
196
42
177
157
120
147
74
183
182
197
205
191
131
186
162
166
141
52
74
143
197
47
108
117
187
151
197
183
205
37
201
138
187
126
131
194
166
130
190
174
166
205
170
201
174
71
147
121
39
77
77
145
194
124
179
142
169
176
196
202
199
162
43
154
103
196
121
103
160
174
69
138
194
105
62
197
37
70
95
